#1 [internal] load local bake definitions
#1 reading from stdin 865B done
#1 DONE 0.0s

#2 [frontend internal] load build definition from Dockerfile
#2 transferring dockerfile: 428B done
#2 DONE 0.0s

#3 [backend internal] load build definition from Dockerfile
#3 transferring dockerfile: 929B done
#3 DONE 0.0s

#4 [frontend internal] load metadata for public.ecr.aws/docker/library/nginx:stable-alpine
#4 DONE 0.6s

#5 [frontend internal] load metadata for public.ecr.aws/docker/library/node:20-alpine
#5 DONE 0.6s

#6 [backend internal] load metadata for public.ecr.aws/docker/library/node:18-bullseye-slim
#6 DONE 0.6s

#7 [backend internal] load .dockerignore
#7 transferring context: 2B done
#7 DONE 0.0s

#8 [frontend internal] load .dockerignore
#8 transferring context: 2B done
#8 DONE 0.0s

#9 [backend 1/8] FROM public.ecr.aws/docker/library/node:18-bullseye-slim@sha256:d69fb189fa7765636655db043a6a9e6be5ddf94bd1a8dc33fd0bcf4664606a9e
#9 DONE 0.0s

#10 [backend internal] load build context
#10 transferring context: 15.23kB 0.0s done
#10 DONE 0.0s
